[2026-09-01 14:52:51.370] info: [transfer] Diagnostic log file: /Users/yalagalasrinivas/praveen-dev/jr-compliance-rewamp/cms/transfer_1788254571367.log (info-level messages are written here even without --verbose)
[2026-09-01 14:52:51.370] info: [remote-source-provider] establishing websocket connection

[2026-09-01 14:52:51.372] info: [local-destination-provider] validating options

[2026-09-01 14:52:52.051] info: [remote-source-provider] established websocket connection

[2026-09-01 14:52:52.051] info: [remote-source-provider] creating dispatcher

[2026-09-01 14:52:52.051] info: [remote-source-provider] created dispatcher

[2026-09-01 14:52:52.051] info: [remote-source-provider] initialize transfer

[2026-09-01 14:52:52.052] info: [remote-source-provider] dispatching message command:init uuid:5c2f21be-c862-4fbc-a498-991ba0f20cc5 sent:0

[2026-09-01 14:52:52.223] info: [pull-handler] received command:init uuid:5c2f21be-c862-4fbc-a498-991ba0f20cc5

[2026-09-01 14:52:52.224] info: [remote-source-provider] received response to message command: init uuid: 5c2f21be-c862-4fbc-a498-991ba0f20cc5 sent: 0

[2026-09-01 14:52:52.225] info: [remote-source-provider] received response to message command: init uuid: 5c2f21be-c862-4fbc-a498-991ba0f20cc5 sent: 0

[2026-09-01 14:52:52.225] info: [remote-source-provider] initialized transfer cba3f5c0-542c-4f81-8b97-691596506a2e

[2026-09-01 14:52:52.225] info: [remote-source-provider] dispatching message action:bootstrap  uuid:1aabc4b3-2c9c-4b1b-9b31-07f12fab6d9c sent:0

[2026-09-01 14:52:52.393] info: [pull-handler] received transfer action:bootstrap step:action uuid:1aabc4b3-2c9c-4b1b-9b31-07f12fab6d9c

[2026-09-01 14:52:52.393] info: [remote-source-provider] received response to message action:bootstrap  uuid:1aabc4b3-2c9c-4b1b-9b31-07f12fab6d9c sent:0

[2026-09-01 14:52:52.394] info: [remote-source-provider] received response to message action:bootstrap  uuid:1aabc4b3-2c9c-4b1b-9b31-07f12fab6d9c sent:0

[2026-09-01 14:52:52.395] info: [remote-source-provider] dispatching message action:getMetadata  uuid:3909cec0-9217-4889-aa0d-e7e3f7cff36a sent:0

[2026-09-01 14:52:52.567] info: [pull-handler] received transfer action:getMetadata step:action uuid:3909cec0-9217-4889-aa0d-e7e3f7cff36a

[2026-09-01 14:52:52.568] info: [remote-source-provider] received response to message action:getMetadata  uuid:3909cec0-9217-4889-aa0d-e7e3f7cff36a sent:0

[2026-09-01 14:52:52.568] info: [local-source-provider] getting metadata

[2026-09-01 14:52:52.568] info: [remote-source-provider] received response to message action:getMetadata  uuid:3909cec0-9217-4889-aa0d-e7e3f7cff36a sent:0

[2026-09-01 14:52:52.568] info: [remote-source-provider] received response to message action:getMetadata  uuid:3909cec0-9217-4889-aa0d-e7e3f7cff36a sent:0

[2026-09-01 14:52:52.569] info: [local-destination-provider] getting metadata

[2026-09-01 14:52:52.570] info: [remote-source-provider] dispatching message action:getMetadata  uuid:075fbd31-b3e6-4a34-9d91-84aa7f988292 sent:0

[2026-09-01 14:52:52.738] info: [pull-handler] received transfer action:getMetadata step:action uuid:075fbd31-b3e6-4a34-9d91-84aa7f988292

[2026-09-01 14:52:52.739] info: [remote-source-provider] received response to message action:getMetadata  uuid:075fbd31-b3e6-4a34-9d91-84aa7f988292 sent:0

[2026-09-01 14:52:52.739] info: [local-source-provider] getting metadata

[2026-09-01 14:52:52.739] info: [remote-source-provider] received response to message action:getMetadata  uuid:075fbd31-b3e6-4a34-9d91-84aa7f988292 sent:0

[2026-09-01 14:52:52.740] info: [remote-source-provider] received response to message action:getMetadata  uuid:075fbd31-b3e6-4a34-9d91-84aa7f988292 sent:0

[2026-09-01 14:52:52.740] info: [local-destination-provider] getting metadata

[2026-09-01 14:52:52.741] info: [remote-source-provider] dispatching message action:getSchemas  uuid:84d065c1-b500-47ca-9efc-8f1b33d9bd9b sent:0

[2026-09-01 14:52:52.910] info: [pull-handler] received transfer action:getSchemas step:action uuid:84d065c1-b500-47ca-9efc-8f1b33d9bd9b

[2026-09-01 14:52:52.910] info: [remote-source-provider] received response to message action:getSchemas  uuid:84d065c1-b500-47ca-9efc-8f1b33d9bd9b sent:0

[2026-09-01 14:52:52.911] info: [local-source-provider] getting schemas

[2026-09-01 14:52:52.911] info: [remote-source-provider] received response to message action:getSchemas  uuid:84d065c1-b500-47ca-9efc-8f1b33d9bd9b sent:0

[2026-09-01 14:52:53.066] info: [remote-source-provider] received response to message action:getSchemas  uuid:84d065c1-b500-47ca-9efc-8f1b33d9bd9b sent:0

[2026-09-01 14:52:53.067] info: [local-destination-provider] getting schema

[2026-09-01 14:52:53.080] info: [local-destination-provider] creating assets backup directory

[2026-09-01 14:52:53.082] info: [local-destination-provider] created assets backup directory /Users/yalagalasrinivas/praveen-dev/jr-compliance-rewamp/cms/public/uploads_backup_1788254571366

[2026-09-01 14:52:53.082] info: [local-destination-provider] deleting all assets

[2026-09-01 14:52:53.092] info: [local-destination-provider] deleted all assets

[2026-09-01 14:52:53.093] info: [local-destination-provider] deleting record 

[2026-09-01 14:52:54.361] info: [remote-source-provider] dispatching message action:start step:entities uuid:6bd48a97-1006-48b8-ae1c-0929c4449877 sent:0

[2026-09-01 14:52:54.528] info: [pull-handler] received transfer action:start step:step uuid:6bd48a97-1006-48b8-ae1c-0929c4449877

[2026-09-01 14:52:54.528] info: [remote-source-provider] received response to message action:start step:entities uuid:6bd48a97-1006-48b8-ae1c-0929c4449877 sent:0

[2026-09-01 14:52:54.529] info: [local-source-provider] creating entities read stream

[2026-09-01 14:52:54.529] info: [remote-source-provider] received response to message action:start step:entities uuid:6bd48a97-1006-48b8-ae1c-0929c4449877 sent:0

[2026-09-01 14:52:54.534] info: [remote-source-provider] received response to message action:start step:entities uuid:6bd48a97-1006-48b8-ae1c-0929c4449877 sent:0

[2026-09-01 14:52:54.534] info: [local-destination-provider] creating entities stream

[2026-09-01 14:53:01.883] info: [remote-source-provider] dispatching message action:end step:entities uuid:55755999-12fd-44a0-84a9-6b7e146859db sent:0

[2026-09-01 14:53:02.055] info: [pull-handler] received transfer action:end step:step uuid:55755999-12fd-44a0-84a9-6b7e146859db

[2026-09-01 14:53:02.056] info: [remote-source-provider] received response to message action:end step:entities uuid:55755999-12fd-44a0-84a9-6b7e146859db sent:0

[2026-09-01 14:53:02.056] info: [remote-source-provider] received response to message action:end step:entities uuid:55755999-12fd-44a0-84a9-6b7e146859db sent:0

[2026-09-01 14:53:02.060] info: [remote-source-provider] dispatching message action:start step:assets uuid:06d51321-52e7-4e83-ae92-0aac405433bc sent:0

[2026-09-01 14:53:02.227] info: [pull-handler] received transfer action:start step:step uuid:06d51321-52e7-4e83-ae92-0aac405433bc

[2026-09-01 14:53:02.227] info: [remote-source-provider] received response to message action:start step:assets uuid:06d51321-52e7-4e83-ae92-0aac405433bc sent:0

[2026-09-01 14:53:02.359] info: [local-source-provider] creating assets read stream

[2026-09-01 14:53:02.359] info: [remote-source-provider] received response to message action:start step:assets uuid:06d51321-52e7-4e83-ae92-0aac405433bc sent:0

[2026-09-01 14:53:02.364] info: [remote-source-provider] received response to message action:start step:assets uuid:06d51321-52e7-4e83-ae92-0aac405433bc sent:0

[2026-09-01 14:53:02.366] info: [local-destination-provider] creating assets write stream

[2026-09-01 14:53:02.394] info: [remote-source-provider] Asset ff454dc7-6695-48e7-b75f-19b4f8065f23 starting

[2026-09-01 14:53:02.395] info: [remote-source-provider] Ending asset stream for ff454dc7-6695-48e7-b75f-19b4f8065f23

[2026-09-01 14:53:02.583] info: [remote-source-provider] Asset 55425068-9fcd-4eae-b431-fde4d06231e8 starting

[2026-09-01 14:53:02.585] info: [remote-source-provider] Ending asset stream for 55425068-9fcd-4eae-b431-fde4d06231e8

[2026-09-01 14:53:02.763] info: [remote-source-provider] Asset 79ebb11c-06a2-455a-bf21-3a1da50245bc starting

[2026-09-01 14:53:02.765] info: [remote-source-provider] Ending asset stream for 79ebb11c-06a2-455a-bf21-3a1da50245bc

[2026-09-01 14:53:02.957] info: [remote-source-provider] Asset ce69c9e9-f4b7-4ccc-82e1-68967e804520 starting

[2026-09-01 14:53:02.958] info: [remote-source-provider] Ending asset stream for ce69c9e9-f4b7-4ccc-82e1-68967e804520

[2026-09-01 14:53:03.129] info: [remote-source-provider] Asset 29f568ee-d63b-4942-8288-d4d5334d0a87 starting

[2026-09-01 14:53:03.129] info: [remote-source-provider] Ending asset stream for 29f568ee-d63b-4942-8288-d4d5334d0a87

[2026-09-01 14:53:03.350] info: [remote-source-provider] Asset c922d933-e5f1-460b-a304-be11074452cd starting

[2026-09-01 14:53:03.352] info: [remote-source-provider] Ending asset stream for c922d933-e5f1-460b-a304-be11074452cd

[2026-09-01 14:53:03.522] info: [remote-source-provider] Asset 03ef9fb1-755c-44af-aba2-ac8d41a586dc starting

[2026-09-01 14:53:03.524] info: [remote-source-provider] Ending asset stream for 03ef9fb1-755c-44af-aba2-ac8d41a586dc

[2026-09-01 14:53:03.698] info: [remote-source-provider] Asset 75c856a2-6a03-4b93-b11c-2709cac819cc starting

[2026-09-01 14:53:03.699] info: [remote-source-provider] Ending asset stream for 75c856a2-6a03-4b93-b11c-2709cac819cc

[2026-09-01 14:53:03.870] info: [remote-source-provider] Asset f2625f06-5089-478a-a283-0237f52a04f1 starting

[2026-09-01 14:53:03.872] info: [remote-source-provider] Ending asset stream for f2625f06-5089-478a-a283-0237f52a04f1

[2026-09-01 14:53:04.042] info: [remote-source-provider] Asset 8932330e-5367-4d62-9a6b-8fe06fe7389b starting

[2026-09-01 14:53:04.043] info: [remote-source-provider] Ending asset stream for 8932330e-5367-4d62-9a6b-8fe06fe7389b

[2026-09-01 14:53:04.212] info: [remote-source-provider] Asset 8546411d-ee63-4f61-82fc-8c1186240f41 starting

[2026-09-01 14:53:04.213] info: [remote-source-provider] Ending asset stream for 8546411d-ee63-4f61-82fc-8c1186240f41

[2026-09-01 14:53:04.388] info: [remote-source-provider] Asset 3fb33400-3b8b-4b9d-b04a-318799534b47 starting

[2026-09-01 14:53:04.390] info: [remote-source-provider] Ending asset stream for 3fb33400-3b8b-4b9d-b04a-318799534b47

[2026-09-01 14:53:04.571] info: [remote-source-provider] Asset a10a6dd5-5e7e-4792-bdb8-7d597025b0a7 starting

[2026-09-01 14:53:04.572] info: [remote-source-provider] Ending asset stream for a10a6dd5-5e7e-4792-bdb8-7d597025b0a7

[2026-09-01 14:53:04.746] info: [remote-source-provider] Asset fac17c2b-e5c4-4ec7-ba17-80977028cf5a starting

[2026-09-01 14:53:04.747] info: [remote-source-provider] Ending asset stream for fac17c2b-e5c4-4ec7-ba17-80977028cf5a

[2026-09-01 14:53:04.923] info: [remote-source-provider] Asset 574b0bc1-45a9-45d8-9969-1af3444a6dcd starting

[2026-09-01 14:53:04.925] info: [remote-source-provider] Ending asset stream for 574b0bc1-45a9-45d8-9969-1af3444a6dcd

[2026-09-01 14:53:05.094] info: [remote-source-provider] Asset de3b4849-bac8-4568-b13a-60153e91eae7 starting

[2026-09-01 14:53:05.096] info: [remote-source-provider] Ending asset stream for de3b4849-bac8-4568-b13a-60153e91eae7

[2026-09-01 14:53:05.277] info: [remote-source-provider] Asset 4192efa9-2364-4dac-bda1-b2f72beff6be starting

[2026-09-01 14:53:05.279] info: [remote-source-provider] Ending asset stream for 4192efa9-2364-4dac-bda1-b2f72beff6be

[2026-09-01 14:53:05.473] info: [remote-source-provider] Asset 8d949368-b460-47d4-96a7-5c79ec852338 starting

[2026-09-01 14:53:05.475] info: [remote-source-provider] Ending asset stream for 8d949368-b460-47d4-96a7-5c79ec852338

[2026-09-01 14:53:05.659] info: [remote-source-provider] Asset 6c95a9b9-42cf-44f2-aefb-1445bd25654a starting

[2026-09-01 14:53:05.660] info: [remote-source-provider] Ending asset stream for 6c95a9b9-42cf-44f2-aefb-1445bd25654a

[2026-09-01 14:53:05.840] info: [remote-source-provider] Asset e8e8feda-ef0f-4b90-95a1-54396a35f0c0 starting

[2026-09-01 14:53:05.841] info: [remote-source-provider] Ending asset stream for e8e8feda-ef0f-4b90-95a1-54396a35f0c0

[2026-09-01 14:53:06.010] info: [remote-source-provider] Asset f6a8f572-e269-4f3b-aa78-5b232077fd99 starting

[2026-09-01 14:53:06.012] info: [remote-source-provider] Ending asset stream for f6a8f572-e269-4f3b-aa78-5b232077fd99

[2026-09-01 14:53:06.186] info: [remote-source-provider] Asset 93be6197-3397-49da-a40c-fa9f9bf5c046 starting

[2026-09-01 14:53:06.187] info: [remote-source-provider] Ending asset stream for 93be6197-3397-49da-a40c-fa9f9bf5c046

[2026-09-01 14:53:06.364] info: [remote-source-provider] Asset 561980fb-60c9-4db1-adcb-98fb0fc34a54 starting

[2026-09-01 14:53:06.365] info: [remote-source-provider] Ending asset stream for 561980fb-60c9-4db1-adcb-98fb0fc34a54

[2026-09-01 14:53:06.539] info: [remote-source-provider] Asset 37921c9a-1369-4aa0-9737-7540f06c10f8 starting

[2026-09-01 14:53:06.540] info: [remote-source-provider] Ending asset stream for 37921c9a-1369-4aa0-9737-7540f06c10f8

[2026-09-01 14:53:06.715] info: [remote-source-provider] Asset 8dfb4759-48b4-4173-82ad-14867b0d1103 starting

[2026-09-01 14:53:06.717] info: [remote-source-provider] Ending asset stream for 8dfb4759-48b4-4173-82ad-14867b0d1103

[2026-09-01 14:53:06.887] info: [remote-source-provider] Asset c6920d00-5ca3-479b-ab8d-4f516b91d319 starting

[2026-09-01 14:53:06.889] info: [remote-source-provider] Ending asset stream for c6920d00-5ca3-479b-ab8d-4f516b91d319

[2026-09-01 14:53:07.064] info: [remote-source-provider] Asset 272fe030-50cf-4668-9c41-df900fdbe7df starting

[2026-09-01 14:53:07.066] info: [remote-source-provider] Ending asset stream for 272fe030-50cf-4668-9c41-df900fdbe7df

[2026-09-01 14:53:07.243] info: [remote-source-provider] Asset ad5f7ecd-63cd-42b6-9efc-b38083dd0434 starting

[2026-09-01 14:53:07.244] info: [remote-source-provider] Ending asset stream for ad5f7ecd-63cd-42b6-9efc-b38083dd0434

[2026-09-01 14:53:07.416] info: [remote-source-provider] Asset 4627260c-7aba-4d64-9598-7f5c2cdff4f6 starting

[2026-09-01 14:53:07.417] info: [remote-source-provider] Ending asset stream for 4627260c-7aba-4d64-9598-7f5c2cdff4f6

[2026-09-01 14:53:07.594] info: [remote-source-provider] Asset 4b87d357-c734-4f2c-9ae5-a662c48821f4 starting

[2026-09-01 14:53:07.595] info: [remote-source-provider] Ending asset stream for 4b87d357-c734-4f2c-9ae5-a662c48821f4

[2026-09-01 14:53:07.763] info: [remote-source-provider] Asset 1b01154d-a8e6-4de0-ae5e-c0e0d484bbfd starting

[2026-09-01 14:53:07.764] info: [remote-source-provider] Ending asset stream for 1b01154d-a8e6-4de0-ae5e-c0e0d484bbfd

[2026-09-01 14:53:07.936] info: [remote-source-provider] Asset 0f0d629a-24bc-4655-b6b1-823b237085e5 starting

[2026-09-01 14:53:07.937] info: [remote-source-provider] Ending asset stream for 0f0d629a-24bc-4655-b6b1-823b237085e5

[2026-09-01 14:53:08.115] info: [remote-source-provider] Asset 3cd05391-6d9d-49d2-b23a-2dc7affe6077 starting

[2026-09-01 14:53:08.115] info: [remote-source-provider] Ending asset stream for 3cd05391-6d9d-49d2-b23a-2dc7affe6077

[2026-09-01 14:53:08.707] info: [remote-source-provider] Asset cbc1af66-ed18-4542-8535-e3c9caa847f0 starting

[2026-09-01 14:53:08.708] info: [remote-source-provider] Ending asset stream for cbc1af66-ed18-4542-8535-e3c9caa847f0

[2026-09-01 14:53:08.882] info: [remote-source-provider] Asset 96fc95e5-43d2-49bf-bbee-1c332f09b097 starting

[2026-09-01 14:53:08.884] info: [remote-source-provider] Ending asset stream for 96fc95e5-43d2-49bf-bbee-1c332f09b097

[2026-09-01 14:53:09.054] info: [remote-source-provider] Asset 3e0080bd-35f9-4cbc-9bec-f7d8289bbc1f starting

[2026-09-01 14:53:09.056] info: [remote-source-provider] Ending asset stream for 3e0080bd-35f9-4cbc-9bec-f7d8289bbc1f

[2026-09-01 14:53:09.236] info: [remote-source-provider] Asset 8bd13f6e-b7be-413a-8113-a5037ab9f155 starting

[2026-09-01 14:53:09.238] info: [remote-source-provider] Ending asset stream for 8bd13f6e-b7be-413a-8113-a5037ab9f155

[2026-09-01 14:53:09.421] info: [remote-source-provider] Asset deffb137-fbcc-4f23-9686-9cf918543f8d starting

[2026-09-01 14:53:09.422] info: [remote-source-provider] Ending asset stream for deffb137-fbcc-4f23-9686-9cf918543f8d

[2026-09-01 14:53:09.594] info: [remote-source-provider] Asset 82ab610b-a1f4-4e1b-9872-57baac81705c starting

[2026-09-01 14:53:09.595] info: [remote-source-provider] Ending asset stream for 82ab610b-a1f4-4e1b-9872-57baac81705c

[2026-09-01 14:53:09.772] info: [remote-source-provider] Asset 7969e53c-6c17-45dd-a284-04cd64504bc6 starting

[2026-09-01 14:53:09.773] info: [remote-source-provider] Ending asset stream for 7969e53c-6c17-45dd-a284-04cd64504bc6

[2026-09-01 14:53:09.944] info: [remote-source-provider] Asset 92988e8e-40b7-445c-a185-d61c7ff5eff8 starting

[2026-09-01 14:53:09.946] info: [remote-source-provider] Ending asset stream for 92988e8e-40b7-445c-a185-d61c7ff5eff8

[2026-09-01 14:53:10.122] info: [remote-source-provider] Asset 1dfaed25-e31b-499a-ac0c-a245620643f2 starting

[2026-09-01 14:53:10.123] info: [remote-source-provider] Ending asset stream for 1dfaed25-e31b-499a-ac0c-a245620643f2

[2026-09-01 14:53:10.303] info: [remote-source-provider] Asset d9c2b899-0fd0-430c-89f0-bf434c2f8d91 starting

[2026-09-01 14:53:10.304] info: [remote-source-provider] Ending asset stream for d9c2b899-0fd0-430c-89f0-bf434c2f8d91

[2026-09-01 14:53:10.475] info: [remote-source-provider] Asset 99766091-f673-46cd-b7d1-6acd646e4bc9 starting

[2026-09-01 14:53:10.477] info: [remote-source-provider] Ending asset stream for 99766091-f673-46cd-b7d1-6acd646e4bc9

[2026-09-01 14:53:10.652] info: [remote-source-provider] Asset ff47e464-8cae-4f27-82f1-9da974c80ef6 starting

[2026-09-01 14:53:10.653] info: [remote-source-provider] Ending asset stream for ff47e464-8cae-4f27-82f1-9da974c80ef6

[2026-09-01 14:53:10.823] info: [remote-source-provider] Asset c7edbd2a-3a23-4824-9038-d51b93cb8afe starting

[2026-09-01 14:53:10.824] info: [remote-source-provider] Ending asset stream for c7edbd2a-3a23-4824-9038-d51b93cb8afe

[2026-09-01 14:53:10.994] info: [remote-source-provider] Asset 2aef5fd0-3189-40f7-808d-29a666a6a76b starting

[2026-09-01 14:53:10.996] info: [remote-source-provider] Ending asset stream for 2aef5fd0-3189-40f7-808d-29a666a6a76b

[2026-09-01 14:53:11.167] info: [remote-source-provider] Asset b158dbf0-b989-4ef4-9c92-de24b18bcde7 starting

[2026-09-01 14:53:11.168] info: [remote-source-provider] Ending asset stream for b158dbf0-b989-4ef4-9c92-de24b18bcde7

[2026-09-01 14:53:11.338] info: [remote-source-provider] Asset 904b38eb-c814-416d-b2ab-7569b94120a9 starting

[2026-09-01 14:53:11.340] info: [remote-source-provider] Ending asset stream for 904b38eb-c814-416d-b2ab-7569b94120a9

[2026-09-01 14:53:11.508] info: [remote-source-provider] Asset cc46ffba-5ed2-47c9-8ba2-70743e993519 starting

[2026-09-01 14:53:11.509] info: [remote-source-provider] Ending asset stream for cc46ffba-5ed2-47c9-8ba2-70743e993519

[2026-09-01 14:53:11.676] info: [remote-source-provider] Asset 09125145-2314-4161-ad90-fad9565df84a starting

[2026-09-01 14:53:11.678] info: [remote-source-provider] Ending asset stream for 09125145-2314-4161-ad90-fad9565df84a

[2026-09-01 14:53:11.849] info: [remote-source-provider] Asset 905a49ce-ca62-4639-9561-90c8faf18e52 starting

[2026-09-01 14:53:11.849] info: [remote-source-provider] Ending asset stream for 905a49ce-ca62-4639-9561-90c8faf18e52

[2026-09-01 14:53:12.024] info: [remote-source-provider] Asset e9f5338f-1c27-402c-910d-99dc2c9f9a6a starting

[2026-09-01 14:53:12.025] info: [remote-source-provider] Ending asset stream for e9f5338f-1c27-402c-910d-99dc2c9f9a6a

[2026-09-01 14:53:12.194] info: [remote-source-provider] Asset bff9cd0e-4441-48b2-bf55-628117622ab9 starting

[2026-09-01 14:53:12.196] info: [remote-source-provider] Ending asset stream for bff9cd0e-4441-48b2-bf55-628117622ab9

[2026-09-01 14:53:12.366] info: [remote-source-provider] Asset 0579c075-8534-44a9-a550-27b7433e1755 starting

[2026-09-01 14:53:12.368] info: [remote-source-provider] Ending asset stream for 0579c075-8534-44a9-a550-27b7433e1755

[2026-09-01 14:53:12.535] info: [remote-source-provider] Asset 6f5b741a-68b1-4a3a-8607-a790d8cd97ef starting

[2026-09-01 14:53:12.536] info: [remote-source-provider] Ending asset stream for 6f5b741a-68b1-4a3a-8607-a790d8cd97ef

[2026-09-01 14:53:12.708] info: [remote-source-provider] Asset e8c1d940-5f0a-43eb-9e5e-6d27e3c28f11 starting

[2026-09-01 14:53:12.709] info: [remote-source-provider] Ending asset stream for e8c1d940-5f0a-43eb-9e5e-6d27e3c28f11

[2026-09-01 14:53:12.883] info: [remote-source-provider] Asset 5b9022ed-6276-4525-8650-a790145e157c starting

[2026-09-01 14:53:12.884] info: [remote-source-provider] Ending asset stream for 5b9022ed-6276-4525-8650-a790145e157c

[2026-09-01 14:53:13.062] info: [remote-source-provider] Asset 57e9945e-ff71-487a-b4ce-395439a4047f starting

[2026-09-01 14:53:13.062] info: [remote-source-provider] Ending asset stream for 57e9945e-ff71-487a-b4ce-395439a4047f

[2026-09-01 14:53:13.235] info: [remote-source-provider] Asset bb7bd307-415f-425d-be02-a22f61ac6bc5 starting

[2026-09-01 14:53:13.236] info: [remote-source-provider] Ending asset stream for bb7bd307-415f-425d-be02-a22f61ac6bc5

[2026-09-01 14:53:13.406] info: [remote-source-provider] Asset 06126412-f917-4c82-9b73-1095c88517e8 starting

[2026-09-01 14:53:13.407] info: [remote-source-provider] Ending asset stream for 06126412-f917-4c82-9b73-1095c88517e8

[2026-09-01 14:53:13.577] info: [remote-source-provider] Asset 7cfba1ed-eef9-4e23-be70-21b00cec84b3 starting

[2026-09-01 14:53:13.578] info: [remote-source-provider] Ending asset stream for 7cfba1ed-eef9-4e23-be70-21b00cec84b3

[2026-09-01 14:53:13.753] info: [remote-source-provider] Asset 12799382-a298-4e8f-9bb9-6dc55347214a starting

[2026-09-01 14:53:13.755] info: [remote-source-provider] Ending asset stream for 12799382-a298-4e8f-9bb9-6dc55347214a

[2026-09-01 14:53:13.926] info: [remote-source-provider] Asset 3a9ad0df-73ff-4679-a9f8-60c03b987949 starting

[2026-09-01 14:53:13.927] info: [remote-source-provider] Ending asset stream for 3a9ad0df-73ff-4679-a9f8-60c03b987949

[2026-09-01 14:53:14.099] info: [remote-source-provider] Asset 95e467f3-99d1-4bd1-9738-26222d1f4c8f starting

[2026-09-01 14:53:14.100] info: [remote-source-provider] Ending asset stream for 95e467f3-99d1-4bd1-9738-26222d1f4c8f

[2026-09-01 14:53:14.269] info: [remote-source-provider] Asset 1fe47968-69f7-479d-9fc4-1b1ebf5f58ef starting

[2026-09-01 14:53:14.270] info: [remote-source-provider] Ending asset stream for 1fe47968-69f7-479d-9fc4-1b1ebf5f58ef

[2026-09-01 14:53:14.445] info: [remote-source-provider] Asset 40e503b8-aa4c-440b-8cdc-836768a56c30 starting

[2026-09-01 14:53:14.446] info: [remote-source-provider] Ending asset stream for 40e503b8-aa4c-440b-8cdc-836768a56c30

[2026-09-01 14:53:14.624] info: [remote-source-provider] Asset 70156c4e-5bbd-43f9-934b-0bb67104e509 starting

[2026-09-01 14:53:14.624] info: [remote-source-provider] Ending asset stream for 70156c4e-5bbd-43f9-934b-0bb67104e509

[2026-09-01 14:53:14.954] info: [remote-source-provider] Asset 8c91865b-7826-4adb-8e62-717c84529f22 starting

[2026-09-01 14:53:14.955] info: [remote-source-provider] Ending asset stream for 8c91865b-7826-4adb-8e62-717c84529f22

[2026-09-01 14:53:15.128] info: [remote-source-provider] Asset 92fc2a52-3aaa-49a1-b67f-103a7017342d starting

[2026-09-01 14:53:15.130] info: [remote-source-provider] Ending asset stream for 92fc2a52-3aaa-49a1-b67f-103a7017342d

[2026-09-01 14:53:15.302] info: [remote-source-provider] Asset b160d36c-c284-430e-8000-b3411d1fdba8 starting

[2026-09-01 14:53:15.304] info: [remote-source-provider] Ending asset stream for b160d36c-c284-430e-8000-b3411d1fdba8

[2026-09-01 14:53:15.474] info: [remote-source-provider] Asset 8faab349-a3c7-452a-a47c-76e854cb6f29 starting

[2026-09-01 14:53:15.476] info: [remote-source-provider] Ending asset stream for 8faab349-a3c7-452a-a47c-76e854cb6f29

[2026-09-01 14:53:15.650] info: [remote-source-provider] Asset c2bf23f3-1969-46fd-9a9d-082ce0f82a83 starting

[2026-09-01 14:53:15.651] info: [remote-source-provider] Ending asset stream for c2bf23f3-1969-46fd-9a9d-082ce0f82a83

[2026-09-01 14:53:15.821] info: [remote-source-provider] Asset fa4fc71b-4f4f-4ab0-b127-95f601e92c96 starting

[2026-09-01 14:53:15.822] info: [remote-source-provider] Ending asset stream for fa4fc71b-4f4f-4ab0-b127-95f601e92c96

[2026-09-01 14:53:15.993] info: [remote-source-provider] Asset 67646aa1-0eb1-4e15-a967-5da0c353a338 starting

[2026-09-01 14:53:15.994] info: [remote-source-provider] Ending asset stream for 67646aa1-0eb1-4e15-a967-5da0c353a338

[2026-09-01 14:53:16.166] info: [remote-source-provider] Asset 6a24707c-1e31-4819-a591-3ae115e612de starting

[2026-09-01 14:53:16.168] info: [remote-source-provider] Ending asset stream for 6a24707c-1e31-4819-a591-3ae115e612de

[2026-09-01 14:53:16.339] info: [remote-source-provider] Asset 5382a415-b152-4908-ae47-352582e35f7f starting

[2026-09-01 14:53:16.340] info: [remote-source-provider] Ending asset stream for 5382a415-b152-4908-ae47-352582e35f7f

[2026-09-01 14:53:16.508] info: [remote-source-provider] Asset 55be951d-7af7-4713-9db2-d68e99141671 starting

[2026-09-01 14:53:16.510] info: [remote-source-provider] Ending asset stream for 55be951d-7af7-4713-9db2-d68e99141671

[2026-09-01 14:53:16.681] info: [remote-source-provider] Asset bda159e9-99c2-4629-9bcf-d7a0c60eb663 starting

[2026-09-01 14:53:16.682] info: [remote-source-provider] Ending asset stream for bda159e9-99c2-4629-9bcf-d7a0c60eb663

[2026-09-01 14:53:16.853] info: [remote-source-provider] Asset bd4fc7a4-82ee-488c-baa6-e0862ff34584 starting

[2026-09-01 14:53:16.854] info: [remote-source-provider] Ending asset stream for bd4fc7a4-82ee-488c-baa6-e0862ff34584

[2026-09-01 14:53:17.032] info: [remote-source-provider] Asset 14e69753-9306-44bb-b4d2-e201b21dfb87 starting

[2026-09-01 14:53:17.033] info: [remote-source-provider] Ending asset stream for 14e69753-9306-44bb-b4d2-e201b21dfb87

[2026-09-01 14:53:17.203] info: [remote-source-provider] Asset bf9a4d2e-73c8-45c9-9a74-fe12c4724498 starting

[2026-09-01 14:53:17.204] info: [remote-source-provider] Ending asset stream for bf9a4d2e-73c8-45c9-9a74-fe12c4724498

[2026-09-01 14:53:17.381] info: [remote-source-provider] Asset a35c2c06-34ca-423f-b9a7-035c42503570 starting

[2026-09-01 14:53:17.382] info: [remote-source-provider] Ending asset stream for a35c2c06-34ca-423f-b9a7-035c42503570

[2026-09-01 14:53:17.551] info: [remote-source-provider] Asset 2e196f5e-3be8-4130-85d7-41a8550adac1 starting

[2026-09-01 14:53:17.552] info: [remote-source-provider] Ending asset stream for 2e196f5e-3be8-4130-85d7-41a8550adac1

[2026-09-01 14:53:17.725] info: [remote-source-provider] Asset cf22daa3-3e2b-4f43-90c1-06c2a66948d5 starting

[2026-09-01 14:53:17.727] info: [remote-source-provider] Ending asset stream for cf22daa3-3e2b-4f43-90c1-06c2a66948d5

[2026-09-01 14:53:17.896] info: [remote-source-provider] Asset b4037dc3-f837-4046-b17a-496696fcb4b1 starting

[2026-09-01 14:53:17.897] info: [remote-source-provider] Ending asset stream for b4037dc3-f837-4046-b17a-496696fcb4b1

[2026-09-01 14:53:18.070] info: [remote-source-provider] Asset ec670894-a4fa-466e-9146-67701f667073 starting

[2026-09-01 14:53:18.070] info: [remote-source-provider] Ending asset stream for ec670894-a4fa-466e-9146-67701f667073

[2026-09-01 14:53:18.248] info: [remote-source-provider] Asset 46f8c5e1-4492-48fd-97c6-b72ef232225b starting

[2026-09-01 14:53:18.249] info: [remote-source-provider] Ending asset stream for 46f8c5e1-4492-48fd-97c6-b72ef232225b

[2026-09-01 14:53:18.426] info: [remote-source-provider] Asset a0cab9e6-eb3c-43be-9858-76e1fa06e1dc starting

[2026-09-01 14:53:18.427] info: [remote-source-provider] Ending asset stream for a0cab9e6-eb3c-43be-9858-76e1fa06e1dc

[2026-09-01 14:53:18.597] info: [remote-source-provider] Asset 84c1e7d0-7af3-4c99-badd-3eb2be62687a starting

[2026-09-01 14:53:18.599] info: [remote-source-provider] Ending asset stream for 84c1e7d0-7af3-4c99-badd-3eb2be62687a

[2026-09-01 14:53:18.772] info: [remote-source-provider] Asset 2fab1b20-9bf6-4858-9c96-75b4bad73d33 starting

[2026-09-01 14:53:18.773] info: [remote-source-provider] Ending asset stream for 2fab1b20-9bf6-4858-9c96-75b4bad73d33

[2026-09-01 14:53:18.941] info: [remote-source-provider] Asset 5cf81f99-b7a5-45b6-8acf-28145dbecef5 starting

[2026-09-01 14:53:18.942] info: [remote-source-provider] Ending asset stream for 5cf81f99-b7a5-45b6-8acf-28145dbecef5

[2026-09-01 14:53:19.145] info: [remote-source-provider] Asset 7f7f3957-f346-4304-8580-065f173ff645 starting

[2026-09-01 14:53:19.146] info: [remote-source-provider] Ending asset stream for 7f7f3957-f346-4304-8580-065f173ff645

[2026-09-01 14:53:19.390] info: [remote-source-provider] Asset ab123687-6061-4b46-89d1-1fe055023602 starting

[2026-09-01 14:53:19.391] info: [remote-source-provider] Ending asset stream for ab123687-6061-4b46-89d1-1fe055023602

[2026-09-01 14:53:19.587] info: [remote-source-provider] Asset 9a64abf9-08eb-4288-9e81-eb86ff3941ae starting

[2026-09-01 14:53:19.588] info: [remote-source-provider] Ending asset stream for 9a64abf9-08eb-4288-9e81-eb86ff3941ae

[2026-09-01 14:53:19.819] info: [remote-source-provider] Asset 39b2925d-342a-4e3e-9803-5e0afdc028e1 starting

[2026-09-01 14:53:19.821] info: [remote-source-provider] Ending asset stream for 39b2925d-342a-4e3e-9803-5e0afdc028e1

[2026-09-01 14:53:19.995] info: [remote-source-provider] Asset 53fcef50-388d-4906-8be0-6da4c14169b8 starting

[2026-09-01 14:53:19.996] info: [remote-source-provider] Ending asset stream for 53fcef50-388d-4906-8be0-6da4c14169b8

[2026-09-01 14:53:20.189] info: [remote-source-provider] Asset 4d797606-3ba1-411a-844f-c22da33df2e6 starting

[2026-09-01 14:53:20.190] info: [remote-source-provider] Ending asset stream for 4d797606-3ba1-411a-844f-c22da33df2e6

[2026-09-01 14:53:20.391] info: [remote-source-provider] Asset 72698816-165f-4be9-a765-f04bd4a7d3c6 starting

[2026-09-01 14:53:20.392] info: [remote-source-provider] Ending asset stream for 72698816-165f-4be9-a765-f04bd4a7d3c6

[2026-09-01 14:53:20.603] info: [remote-source-provider] Asset dd7e5327-7915-480b-8536-c54556750409 starting

[2026-09-01 14:53:20.605] info: [remote-source-provider] Ending asset stream for dd7e5327-7915-480b-8536-c54556750409

[2026-09-01 14:53:20.781] info: [remote-source-provider] Asset ef6d5120-32d8-4217-925d-8ce9227f1118 starting

[2026-09-01 14:53:20.782] info: [remote-source-provider] Ending asset stream for ef6d5120-32d8-4217-925d-8ce9227f1118

[2026-09-01 14:53:20.988] info: [remote-source-provider] Asset 43a08417-7477-4e67-9f35-33af662a806a starting

[2026-09-01 14:53:20.989] info: [remote-source-provider] Ending asset stream for 43a08417-7477-4e67-9f35-33af662a806a

[2026-09-01 14:53:21.228] info: [remote-source-provider] Asset a15db29c-ad76-49a5-8cc2-8411bad5216d starting

[2026-09-01 14:53:21.231] info: [remote-source-provider] Ending asset stream for a15db29c-ad76-49a5-8cc2-8411bad5216d

[2026-09-01 14:53:21.424] info: [remote-source-provider] Asset 77d83c6f-9364-468f-bd50-33e247503028 starting

[2026-09-01 14:53:21.426] info: [remote-source-provider] Ending asset stream for 77d83c6f-9364-468f-bd50-33e247503028

[2026-09-01 14:53:21.650] info: [remote-source-provider] Asset a585bdf9-c163-4d80-9cdd-b1ca5f463ded starting

[2026-09-01 14:53:21.651] info: [remote-source-provider] Ending asset stream for a585bdf9-c163-4d80-9cdd-b1ca5f463ded

[2026-09-01 14:53:21.826] info: [remote-source-provider] Asset 732a4c3d-6430-4ca3-ab66-1dfa8d3b75fe starting

[2026-09-01 14:53:21.827] info: [remote-source-provider] Ending asset stream for 732a4c3d-6430-4ca3-ab66-1dfa8d3b75fe

[2026-09-01 14:53:21.994] info: [remote-source-provider] Asset b884e5c2-c175-4dd7-aeab-5d41f41a7d6f starting

[2026-09-01 14:53:21.995] info: [remote-source-provider] Ending asset stream for b884e5c2-c175-4dd7-aeab-5d41f41a7d6f

[2026-09-01 14:53:22.166] info: [remote-source-provider] Asset ceab645d-c7d8-4a00-967e-44ffe8805ef1 starting

[2026-09-01 14:53:22.167] info: [remote-source-provider] Ending asset stream for ceab645d-c7d8-4a00-967e-44ffe8805ef1

[2026-09-01 14:53:22.337] info: [remote-source-provider] Asset 12118670-9008-4606-9ccd-7b447d41ff69 starting

[2026-09-01 14:53:22.338] info: [remote-source-provider] Ending asset stream for 12118670-9008-4606-9ccd-7b447d41ff69

[2026-09-01 14:53:22.523] info: [remote-source-provider] Asset 202e43d4-0e38-4119-bc91-6499f97a691e starting

[2026-09-01 14:53:22.524] info: [remote-source-provider] Ending asset stream for 202e43d4-0e38-4119-bc91-6499f97a691e

[2026-09-01 14:53:22.692] info: [remote-source-provider] Asset 523be66f-0bf0-416d-af0a-9af36b5d0405 starting

[2026-09-01 14:53:22.693] info: [remote-source-provider] Ending asset stream for 523be66f-0bf0-416d-af0a-9af36b5d0405

[2026-09-01 14:53:22.862] info: [remote-source-provider] Asset 970d0505-6d1e-4196-9cc9-5ace93044f8c starting

[2026-09-01 14:53:22.862] info: [remote-source-provider] Ending asset stream for 970d0505-6d1e-4196-9cc9-5ace93044f8c

[2026-09-01 14:53:23.034] info: [remote-source-provider] Asset 756132e1-bc48-4d7a-b604-8155a207f980 starting

[2026-09-01 14:53:23.034] info: [remote-source-provider] Ending asset stream for 756132e1-bc48-4d7a-b604-8155a207f980

[2026-09-01 14:53:23.204] info: [remote-source-provider] Asset 0e4fce34-5ecc-494f-834e-35cbf0b45604 starting

[2026-09-01 14:53:23.204] info: [remote-source-provider] Ending asset stream for 0e4fce34-5ecc-494f-834e-35cbf0b45604

[2026-09-01 14:53:23.373] info: [remote-source-provider] Asset 95f7f178-7c02-4144-bfc4-ecadeb267c2c starting

[2026-09-01 14:53:23.375] info: [remote-source-provider] Ending asset stream for 95f7f178-7c02-4144-bfc4-ecadeb267c2c

[2026-09-01 14:53:23.544] info: [remote-source-provider] Asset 008659fa-b315-453d-9b03-f45ef746ab8a starting

[2026-09-01 14:53:23.545] info: [remote-source-provider] Ending asset stream for 008659fa-b315-453d-9b03-f45ef746ab8a

[2026-09-01 14:53:23.714] info: [remote-source-provider] Asset ce3667e9-661d-4a2d-b483-c6cdfbfbf8b9 starting

[2026-09-01 14:53:23.716] info: [remote-source-provider] Ending asset stream for ce3667e9-661d-4a2d-b483-c6cdfbfbf8b9

[2026-09-01 14:53:23.885] info: [remote-source-provider] Asset c6a8275a-d2a0-4c64-8674-4e8f1eecce1d starting

[2026-09-01 14:53:23.886] info: [remote-source-provider] Ending asset stream for c6a8275a-d2a0-4c64-8674-4e8f1eecce1d

[2026-09-01 14:53:24.063] info: [remote-source-provider] Asset fc5b342b-6d67-47e7-8fc7-2e01991befd2 starting

[2026-09-01 14:53:24.063] info: [remote-source-provider] Ending asset stream for fc5b342b-6d67-47e7-8fc7-2e01991befd2

[2026-09-01 14:53:24.246] info: [remote-source-provider] Asset 9af01fb9-10c2-458f-9afb-087f21d54c05 starting

[2026-09-01 14:53:24.247] info: [remote-source-provider] Ending asset stream for 9af01fb9-10c2-458f-9afb-087f21d54c05

[2026-09-01 14:53:24.420] info: [remote-source-provider] Asset a67f073f-4dc8-4111-bd8f-35f594d83fa6 starting

[2026-09-01 14:53:24.421] info: [remote-source-provider] Ending asset stream for a67f073f-4dc8-4111-bd8f-35f594d83fa6

[2026-09-01 14:53:24.599] info: [remote-source-provider] Asset d72b27e2-671f-40b2-a226-7b41447fb9cf starting

[2026-09-01 14:53:24.600] info: [remote-source-provider] Ending asset stream for d72b27e2-671f-40b2-a226-7b41447fb9cf

[2026-09-01 14:53:24.769] info: [remote-source-provider] Asset 1ff4fda2-4bab-422c-ade3-e268b3789de3 starting

[2026-09-01 14:53:24.770] info: [remote-source-provider] Ending asset stream for 1ff4fda2-4bab-422c-ade3-e268b3789de3

[2026-09-01 14:53:24.939] info: [remote-source-provider] Asset 20d705df-cfa8-43f7-bbe2-35008c90ed68 starting

[2026-09-01 14:53:24.940] info: [remote-source-provider] Ending asset stream for 20d705df-cfa8-43f7-bbe2-35008c90ed68

[2026-09-01 14:53:25.108] info: [remote-source-provider] Asset ad212261-1465-4ef3-9ff0-57a1724ae63f starting

[2026-09-01 14:53:25.109] info: [remote-source-provider] Ending asset stream for ad212261-1465-4ef3-9ff0-57a1724ae63f

[2026-09-01 14:53:25.283] info: [remote-source-provider] Asset 6de7ee48-d6af-4b0f-843f-51396a3c0d6a starting

[2026-09-01 14:53:25.284] info: [remote-source-provider] Ending asset stream for 6de7ee48-d6af-4b0f-843f-51396a3c0d6a

[2026-09-01 14:53:25.468] info: [remote-source-provider] Asset dd493cd0-55b4-4390-9fab-433163809ec2 starting

[2026-09-01 14:53:25.469] info: [remote-source-provider] Ending asset stream for dd493cd0-55b4-4390-9fab-433163809ec2

[2026-09-01 14:53:25.641] info: [remote-source-provider] Asset e982d2c0-efcf-46dc-b9d9-e49b3a33270d starting

[2026-09-01 14:53:25.642] info: [remote-source-provider] Ending asset stream for e982d2c0-efcf-46dc-b9d9-e49b3a33270d

[2026-09-01 14:53:25.810] info: [remote-source-provider] Asset 78cf62a0-4132-4dcb-9aad-14a9d50783f7 starting

[2026-09-01 14:53:25.812] info: [remote-source-provider] Ending asset stream for 78cf62a0-4132-4dcb-9aad-14a9d50783f7

[2026-09-01 14:53:25.981] info: [remote-source-provider] Asset 4e7573ca-543a-43af-a232-3f8bab7627b8 starting

[2026-09-01 14:53:25.983] info: [remote-source-provider] Ending asset stream for 4e7573ca-543a-43af-a232-3f8bab7627b8

[2026-09-01 14:53:26.152] info: [remote-source-provider] Asset 31635c34-5115-45a8-b8d2-0c88d8f3c244 starting

[2026-09-01 14:53:26.154] info: [remote-source-provider] Ending asset stream for 31635c34-5115-45a8-b8d2-0c88d8f3c244

[2026-09-01 14:53:26.343] info: [remote-source-provider] Asset 87b734d6-1984-4a80-8057-3d4900889e8d starting

[2026-09-01 14:53:26.344] info: [remote-source-provider] Ending asset stream for 87b734d6-1984-4a80-8057-3d4900889e8d

[2026-09-01 14:53:26.523] info: [remote-source-provider] Asset 252cb100-3f27-49b0-ba78-9ca925c9bad4 starting

[2026-09-01 14:53:26.524] info: [remote-source-provider] Ending asset stream for 252cb100-3f27-49b0-ba78-9ca925c9bad4

[2026-09-01 14:53:26.696] info: [remote-source-provider] Asset 8fa43fc8-8270-40cd-950a-d7d8b5b20b2d starting

[2026-09-01 14:53:26.697] info: [remote-source-provider] Ending asset stream for 8fa43fc8-8270-40cd-950a-d7d8b5b20b2d

[2026-09-01 14:53:26.873] info: [remote-source-provider] Asset e3b40bfd-84a2-4b42-93b4-483e0170d556 starting

[2026-09-01 14:53:26.874] info: [remote-source-provider] Ending asset stream for e3b40bfd-84a2-4b42-93b4-483e0170d556

[2026-09-01 14:53:27.044] info: [remote-source-provider] Asset c941c3e3-05f8-4c99-af4b-f05a222eed3b starting

[2026-09-01 14:53:27.045] info: [remote-source-provider] Ending asset stream for c941c3e3-05f8-4c99-af4b-f05a222eed3b

[2026-09-01 14:53:27.214] info: [remote-source-provider] Asset 24eada19-cbb2-41a7-afd0-e2075768004e starting

[2026-09-01 14:53:27.215] info: [remote-source-provider] Ending asset stream for 24eada19-cbb2-41a7-afd0-e2075768004e

[2026-09-01 14:53:27.384] info: [remote-source-provider] Asset c3236bd0-74bf-4e71-8cf3-20e32bf5ab2a starting

[2026-09-01 14:53:27.384] info: [remote-source-provider] Ending asset stream for c3236bd0-74bf-4e71-8cf3-20e32bf5ab2a

[2026-09-01 14:53:27.553] info: [remote-source-provider] Asset 7cb1a2d0-10cf-4be2-bf94-440523c64843 starting

[2026-09-01 14:53:27.554] info: [remote-source-provider] Ending asset stream for 7cb1a2d0-10cf-4be2-bf94-440523c64843

[2026-09-01 14:53:27.724] info: [remote-source-provider] Asset 8dfcd275-cc03-463f-98fe-3df0c77644b9 starting

[2026-09-01 14:53:27.724] info: [remote-source-provider] Ending asset stream for 8dfcd275-cc03-463f-98fe-3df0c77644b9

[2026-09-01 14:53:27.900] info: [remote-source-provider] Asset 01a2bfc7-2a14-4b72-90d4-ea6a883fd698 starting

[2026-09-01 14:53:27.901] info: [remote-source-provider] Ending asset stream for 01a2bfc7-2a14-4b72-90d4-ea6a883fd698

[2026-09-01 14:53:28.069] info: [remote-source-provider] Asset acf4652c-96c2-4e7f-a369-14f6995285f4 starting

[2026-09-01 14:53:28.070] info: [remote-source-provider] Ending asset stream for acf4652c-96c2-4e7f-a369-14f6995285f4

[2026-09-01 14:53:28.238] info: [remote-source-provider] Asset 2c479fd1-2063-413a-9919-b4d9e9843280 starting

[2026-09-01 14:53:28.240] info: [remote-source-provider] Ending asset stream for 2c479fd1-2063-413a-9919-b4d9e9843280

[2026-09-01 14:53:28.410] info: [remote-source-provider] Asset 03a5d2a1-00d9-4a07-ba03-53e7e463c440 starting

[2026-09-01 14:53:28.411] info: [remote-source-provider] Ending asset stream for 03a5d2a1-00d9-4a07-ba03-53e7e463c440

[2026-09-01 14:53:28.581] info: [remote-source-provider] Asset ceabb551-f518-4784-9891-21be84c584f7 starting

[2026-09-01 14:53:28.583] info: [remote-source-provider] Ending asset stream for ceabb551-f518-4784-9891-21be84c584f7

[2026-09-01 14:53:28.754] info: [remote-source-provider] Asset b8d7eeee-da26-43ee-8529-5c498f17aadb starting

[2026-09-01 14:53:28.755] info: [remote-source-provider] Ending asset stream for b8d7eeee-da26-43ee-8529-5c498f17aadb

[2026-09-01 14:53:28.925] info: [remote-source-provider] Asset f254b089-6e97-4ca8-8434-b6d7b6aec557 starting

[2026-09-01 14:53:28.926] info: [remote-source-provider] Ending asset stream for f254b089-6e97-4ca8-8434-b6d7b6aec557

[2026-09-01 14:53:29.094] info: [remote-source-provider] Asset 484b50f8-9d27-4e6a-8466-253889276137 starting

[2026-09-01 14:53:29.095] info: [remote-source-provider] Ending asset stream for 484b50f8-9d27-4e6a-8466-253889276137

[2026-09-01 14:53:29.263] info: [remote-source-provider] Asset 040a8c6a-fb20-49d2-b54c-ced74b9da542 starting

[2026-09-01 14:53:29.264] info: [remote-source-provider] Ending asset stream for 040a8c6a-fb20-49d2-b54c-ced74b9da542

[2026-09-01 14:53:29.436] info: [remote-source-provider] Asset 708ac0ad-2bdb-4b1f-97c0-d5572fbf2ac3 starting

[2026-09-01 14:53:29.437] info: [remote-source-provider] Ending asset stream for 708ac0ad-2bdb-4b1f-97c0-d5572fbf2ac3

[2026-09-01 14:53:29.604] info: [remote-source-provider] Asset 95b57fba-bc28-4f61-9409-71e30b42f850 starting

[2026-09-01 14:53:29.605] info: [remote-source-provider] Ending asset stream for 95b57fba-bc28-4f61-9409-71e30b42f850

[2026-09-01 14:53:29.772] info: [remote-source-provider] Asset 9038942c-6e4c-433a-ba2f-7d1a05772c4e starting

[2026-09-01 14:53:29.773] info: [remote-source-provider] Ending asset stream for 9038942c-6e4c-433a-ba2f-7d1a05772c4e

[2026-09-01 14:53:29.942] info: [remote-source-provider] Asset e5381ffd-76d8-4c56-a783-48bb49ecd8f4 starting

[2026-09-01 14:53:29.943] info: [remote-source-provider] Ending asset stream for e5381ffd-76d8-4c56-a783-48bb49ecd8f4

[2026-09-01 14:53:30.112] info: [remote-source-provider] Asset 8fa5c26d-be02-45ad-bb51-64a095d9835e starting

[2026-09-01 14:53:30.114] info: [remote-source-provider] Ending asset stream for 8fa5c26d-be02-45ad-bb51-64a095d9835e

[2026-09-01 14:53:30.283] info: [remote-source-provider] Asset 51845bcd-2150-47d1-83b7-acf1b118d726 starting

[2026-09-01 14:53:30.284] info: [remote-source-provider] Ending asset stream for 51845bcd-2150-47d1-83b7-acf1b118d726

[2026-09-01 14:53:30.459] info: [remote-source-provider] Asset c4081158-80f9-4b32-9ed4-07b8ce321cfd starting

[2026-09-01 14:53:30.460] info: [remote-source-provider] Ending asset stream for c4081158-80f9-4b32-9ed4-07b8ce321cfd

[2026-09-01 14:53:30.630] info: [remote-source-provider] Asset a1e40df6-1269-44f5-96ff-fba9dacc176c starting

[2026-09-01 14:53:30.631] info: [remote-source-provider] Ending asset stream for a1e40df6-1269-44f5-96ff-fba9dacc176c

[2026-09-01 14:53:30.803] info: [remote-source-provider] Asset 5b3eb314-7639-452d-8a42-950bdd608eb4 starting

[2026-09-01 14:53:30.804] info: [remote-source-provider] Ending asset stream for 5b3eb314-7639-452d-8a42-950bdd608eb4

[2026-09-01 14:53:30.983] info: [remote-source-provider] Asset a4147cbc-6027-4d04-9112-83d902f8e908 starting

[2026-09-01 14:53:30.984] info: [remote-source-provider] Ending asset stream for a4147cbc-6027-4d04-9112-83d902f8e908

[2026-09-01 14:53:31.157] info: [remote-source-provider] Asset 823d1edb-6c22-4bcb-9fb5-fd78fbe3b959 starting

[2026-09-01 14:53:31.159] info: [remote-source-provider] Ending asset stream for 823d1edb-6c22-4bcb-9fb5-fd78fbe3b959

[2026-09-01 14:53:31.340] info: [remote-source-provider] Asset 9cca88a9-bf95-49c2-bb65-e956f24a77f2 starting

[2026-09-01 14:53:31.341] info: [remote-source-provider] Ending asset stream for 9cca88a9-bf95-49c2-bb65-e956f24a77f2

[2026-09-01 14:53:31.517] info: [remote-source-provider] Asset e8c01ff2-fc35-430c-b84c-ed857d66349f starting

[2026-09-01 14:53:31.518] info: [remote-source-provider] Ending asset stream for e8c01ff2-fc35-430c-b84c-ed857d66349f

[2026-09-01 14:53:31.686] info: [remote-source-provider] Asset 2f70c97e-3894-4418-8f69-583d3708cad9 starting

[2026-09-01 14:53:31.687] info: [remote-source-provider] Ending asset stream for 2f70c97e-3894-4418-8f69-583d3708cad9

[2026-09-01 14:53:31.865] info: [remote-source-provider] Asset 9c2c2513-eafe-4237-8f0d-f1461dc14601 starting

[2026-09-01 14:53:31.866] info: [remote-source-provider] Ending asset stream for 9c2c2513-eafe-4237-8f0d-f1461dc14601

[2026-09-01 14:53:32.037] info: [remote-source-provider] Asset 3c620177-6679-495a-ba99-bc1c87e31280 starting

[2026-09-01 14:53:32.037] info: [remote-source-provider] Ending asset stream for 3c620177-6679-495a-ba99-bc1c87e31280

[2026-09-01 14:53:32.218] info: [remote-source-provider] Asset 2335eb94-3c50-4b2a-8647-1bbac167ba20 starting

[2026-09-01 14:53:32.219] info: [remote-source-provider] Ending asset stream for 2335eb94-3c50-4b2a-8647-1bbac167ba20

[2026-09-01 14:53:32.386] info: [remote-source-provider] Asset e8b8d64e-dfa1-42a9-bf6e-0ea8bca4d7bc starting

[2026-09-01 14:53:32.387] info: [remote-source-provider] Ending asset stream for e8b8d64e-dfa1-42a9-bf6e-0ea8bca4d7bc

[2026-09-01 14:53:32.563] info: [remote-source-provider] Asset 546f7d55-1fbb-44ee-97c6-ba015617bb69 starting

[2026-09-01 14:53:32.564] info: [remote-source-provider] Ending asset stream for 546f7d55-1fbb-44ee-97c6-ba015617bb69

[2026-09-01 14:53:32.750] info: [remote-source-provider] Asset 7c87db43-00f3-476b-8a4b-ee99074e2fa7 starting

[2026-09-01 14:53:32.751] info: [remote-source-provider] Ending asset stream for 7c87db43-00f3-476b-8a4b-ee99074e2fa7

[2026-09-01 14:53:32.924] info: [remote-source-provider] Asset db924fa4-af4b-4e75-8498-ad38fc20ae6c starting

[2026-09-01 14:53:32.926] info: [remote-source-provider] Ending asset stream for db924fa4-af4b-4e75-8498-ad38fc20ae6c

[2026-09-01 14:53:33.096] info: [remote-source-provider] Asset 5a2684d4-2d23-44c1-b3de-c23fdcd0425e starting

[2026-09-01 14:53:33.097] info: [remote-source-provider] Ending asset stream for 5a2684d4-2d23-44c1-b3de-c23fdcd0425e

[2026-09-01 14:53:33.265] info: [remote-source-provider] Asset 32d1f31d-d8c9-44ef-95cc-a3edb4dac7c5 starting

[2026-09-01 14:53:33.266] info: [remote-source-provider] Ending asset stream for 32d1f31d-d8c9-44ef-95cc-a3edb4dac7c5

[2026-09-01 14:53:33.434] info: [remote-source-provider] Asset a8ddbffe-84df-4e21-bb1b-079f37d368bd starting

[2026-09-01 14:53:33.435] info: [remote-source-provider] Ending asset stream for a8ddbffe-84df-4e21-bb1b-079f37d368bd

[2026-09-01 14:53:33.606] info: [remote-source-provider] Asset 616667ce-6f5c-4561-afae-40d4585e7a82 starting

[2026-09-01 14:53:33.607] info: [remote-source-provider] Ending asset stream for 616667ce-6f5c-4561-afae-40d4585e7a82

[2026-09-01 14:53:33.789] info: [remote-source-provider] Asset 91cc2861-b800-458d-90a6-de92a1fdd792 starting

[2026-09-01 14:53:33.790] info: [remote-source-provider] Ending asset stream for 91cc2861-b800-458d-90a6-de92a1fdd792

[2026-09-01 14:53:33.962] info: [remote-source-provider] Asset 2a2eb59f-77c0-4310-a05b-ce77910c0753 starting

[2026-09-01 14:53:33.964] info: [remote-source-provider] Ending asset stream for 2a2eb59f-77c0-4310-a05b-ce77910c0753

[2026-09-01 14:53:34.130] info: [remote-source-provider] Asset d0f3706f-7c2e-4fc9-a3c8-47335c4d582e starting

[2026-09-01 14:53:34.131] info: [remote-source-provider] Ending asset stream for d0f3706f-7c2e-4fc9-a3c8-47335c4d582e

[2026-09-01 14:53:34.315] info: [remote-source-provider] Asset be43fddf-34b5-4cf0-8205-d1011329ce5d starting

[2026-09-01 14:53:34.316] info: [remote-source-provider] Ending asset stream for be43fddf-34b5-4cf0-8205-d1011329ce5d

[2026-09-01 14:53:34.485] info: [remote-source-provider] Asset e4ab17ec-8fee-4bc2-8695-562a38e10bd9 starting

[2026-09-01 14:53:34.485] info: [remote-source-provider] Ending asset stream for e4ab17ec-8fee-4bc2-8695-562a38e10bd9

[2026-09-01 14:53:34.662] info: [remote-source-provider] Asset 3c6073f1-c189-4d29-b6cc-099fe82f465a starting

[2026-09-01 14:53:34.662] info: [remote-source-provider] Ending asset stream for 3c6073f1-c189-4d29-b6cc-099fe82f465a

[2026-09-01 14:53:34.833] info: [remote-source-provider] Asset eb67e6a9-2d4f-4ea2-9695-11377bf6f7e3 starting

[2026-09-01 14:53:34.834] info: [remote-source-provider] Ending asset stream for eb67e6a9-2d4f-4ea2-9695-11377bf6f7e3

[2026-09-01 14:53:35.010] info: [remote-source-provider] Asset 2c010d51-cf0d-42fa-b78d-e2ca5e5e2162 starting

[2026-09-01 14:53:35.011] info: [remote-source-provider] Ending asset stream for 2c010d51-cf0d-42fa-b78d-e2ca5e5e2162

[2026-09-01 14:53:35.180] info: [remote-source-provider] Asset 9e99a551-17a1-404f-b567-e537ee1c61d7 starting

[2026-09-01 14:53:35.182] info: [remote-source-provider] Ending asset stream for 9e99a551-17a1-404f-b567-e537ee1c61d7

[2026-09-01 14:53:35.356] info: [remote-source-provider] Asset 4f1655a3-32e2-432a-93fb-6db7ffe12786 starting

[2026-09-01 14:53:35.358] info: [remote-source-provider] Ending asset stream for 4f1655a3-32e2-432a-93fb-6db7ffe12786

[2026-09-01 14:53:35.530] info: [remote-source-provider] Asset 43ae3ffa-a3bb-4e81-ae9e-0bed68b7912b starting

[2026-09-01 14:53:35.532] info: [remote-source-provider] Ending asset stream for 43ae3ffa-a3bb-4e81-ae9e-0bed68b7912b

[2026-09-01 14:53:35.703] info: [remote-source-provider] Asset bbac5afb-dab8-4212-bb20-89de168a84ad starting

[2026-09-01 14:53:35.703] info: [remote-source-provider] Ending asset stream for bbac5afb-dab8-4212-bb20-89de168a84ad

[2026-09-01 14:53:35.873] info: [remote-source-provider] Asset a76d3466-3df1-4942-bcbc-0bb82e04d3f7 starting

[2026-09-01 14:53:35.874] info: [remote-source-provider] Ending asset stream for a76d3466-3df1-4942-bcbc-0bb82e04d3f7

[2026-09-01 14:53:36.063] info: [remote-source-provider] Asset 1bb29831-f25b-405b-afc0-fe7e56bb3a11 starting

[2026-09-01 14:53:36.064] info: [remote-source-provider] Ending asset stream for 1bb29831-f25b-405b-afc0-fe7e56bb3a11

[2026-09-01 14:53:36.235] info: [remote-source-provider] Asset a71c2a5d-11e7-40ab-a4bd-957dcaa71f1e starting

[2026-09-01 14:53:36.237] info: [remote-source-provider] Ending asset stream for a71c2a5d-11e7-40ab-a4bd-957dcaa71f1e

[2026-09-01 14:53:36.413] info: [remote-source-provider] Asset 3ce8017e-e335-4b6a-b13f-5ac650d472a4 starting

[2026-09-01 14:53:36.415] info: [remote-source-provider] Ending asset stream for 3ce8017e-e335-4b6a-b13f-5ac650d472a4

[2026-09-01 14:53:36.585] info: [remote-source-provider] Asset 76fcd6c0-2f7e-40da-b1a7-25f24cc9148f starting

[2026-09-01 14:53:36.586] info: [remote-source-provider] Ending asset stream for 76fcd6c0-2f7e-40da-b1a7-25f24cc9148f

[2026-09-01 14:53:36.793] info: [remote-source-provider] Asset 22d90387-de3e-4195-85f6-187b06e4ec11 starting

[2026-09-01 14:53:36.794] info: [remote-source-provider] Ending asset stream for 22d90387-de3e-4195-85f6-187b06e4ec11

[2026-09-01 14:53:36.964] info: [remote-source-provider] Asset df86697f-af04-4df4-8ec4-2a407633b8ae starting

[2026-09-01 14:53:36.964] info: [remote-source-provider] Ending asset stream for df86697f-af04-4df4-8ec4-2a407633b8ae

[2026-09-01 14:53:37.149] info: [remote-source-provider] Asset 7a7edc9e-31d6-4c54-9c01-44022bd3b301 starting

[2026-09-01 14:53:37.150] info: [remote-source-provider] Ending asset stream for 7a7edc9e-31d6-4c54-9c01-44022bd3b301

[2026-09-01 14:53:37.325] info: [remote-source-provider] Asset 8c5a8fe3-bc0d-4c81-abac-7ce56e9c7429 starting

[2026-09-01 14:53:37.326] info: [remote-source-provider] Ending asset stream for 8c5a8fe3-bc0d-4c81-abac-7ce56e9c7429

[2026-09-01 14:53:37.498] info: [remote-source-provider] Asset 17c6724a-4804-4d41-82e3-9b0dc5ed355f starting

[2026-09-01 14:53:37.499] info: [remote-source-provider] Ending asset stream for 17c6724a-4804-4d41-82e3-9b0dc5ed355f

[2026-09-01 14:53:37.674] info: [remote-source-provider] Asset cbb546e3-f235-4f66-a43d-c571c7d53e85 starting

[2026-09-01 14:53:37.674] info: [remote-source-provider] Ending asset stream for cbb546e3-f235-4f66-a43d-c571c7d53e85

[2026-09-01 14:53:37.845] info: [remote-source-provider] Asset 6e8d599a-70ef-4f2a-a23a-9729cf35a86d starting

[2026-09-01 14:53:37.846] info: [remote-source-provider] Ending asset stream for 6e8d599a-70ef-4f2a-a23a-9729cf35a86d

[2026-09-01 14:53:38.016] info: [remote-source-provider] Asset 3001133e-122b-45e9-a18d-ee115cd64b1a starting

[2026-09-01 14:53:38.016] info: [remote-source-provider] Ending asset stream for 3001133e-122b-45e9-a18d-ee115cd64b1a

[2026-09-01 14:53:38.185] info: [remote-source-provider] Asset 1ad28f36-0e4f-428c-850c-5904cfb7a16b starting

[2026-09-01 14:53:38.186] info: [remote-source-provider] Ending asset stream for 1ad28f36-0e4f-428c-850c-5904cfb7a16b

[2026-09-01 14:53:38.366] info: [remote-source-provider] Asset f2212fe6-3c16-4573-8037-670394d3395e starting

[2026-09-01 14:53:38.368] info: [remote-source-provider] Ending asset stream for f2212fe6-3c16-4573-8037-670394d3395e

[2026-09-01 14:53:38.536] info: [remote-source-provider] Asset a5b0d1ac-389d-482b-bc52-3c71228506ae starting

[2026-09-01 14:53:38.538] info: [remote-source-provider] Ending asset stream for a5b0d1ac-389d-482b-bc52-3c71228506ae

[2026-09-01 14:53:38.707] info: [remote-source-provider] Asset 573935f8-f7bd-49cd-a137-4a90d48e08b5 starting

[2026-09-01 14:53:38.708] info: [remote-source-provider] Ending asset stream for 573935f8-f7bd-49cd-a137-4a90d48e08b5

[2026-09-01 14:53:38.876] info: [remote-source-provider] Asset bb7f7b80-36ad-416f-8d84-ab0a34c9303c starting

[2026-09-01 14:53:38.877] info: [remote-source-provider] Ending asset stream for bb7f7b80-36ad-416f-8d84-ab0a34c9303c

[2026-09-01 14:53:39.052] info: [remote-source-provider] Asset 69d37620-2fda-4bc6-a3f1-c3233d469b72 starting

[2026-09-01 14:53:39.053] info: [remote-source-provider] Ending asset stream for 69d37620-2fda-4bc6-a3f1-c3233d469b72

[2026-09-01 14:53:39.230] info: [remote-source-provider] Asset d4203518-82d1-4cd5-9dec-aaec55b3a994 starting

[2026-09-01 14:53:39.231] info: [remote-source-provider] Ending asset stream for d4203518-82d1-4cd5-9dec-aaec55b3a994

[2026-09-01 14:53:39.399] info: [remote-source-provider] Asset cfa4f998-9bff-4612-9492-ac0489903478 starting

[2026-09-01 14:53:39.400] info: [remote-source-provider] Ending asset stream for cfa4f998-9bff-4612-9492-ac0489903478

[2026-09-01 14:53:39.572] info: [remote-source-provider] Asset b7e928cb-cc07-4508-93b6-d2ed90ac91c0 starting

[2026-09-01 14:53:39.572] info: [remote-source-provider] Ending asset stream for b7e928cb-cc07-4508-93b6-d2ed90ac91c0

[2026-09-01 14:53:39.745] info: [remote-source-provider] Asset 9a538b58-d004-4bec-9460-54969285b87d starting

[2026-09-01 14:53:39.746] info: [remote-source-provider] Ending asset stream for 9a538b58-d004-4bec-9460-54969285b87d

[2026-09-01 14:53:39.917] info: [remote-source-provider] Asset 5e3c9d93-1b98-4621-b01b-5e945e793a92 starting

[2026-09-01 14:53:39.919] info: [remote-source-provider] Ending asset stream for 5e3c9d93-1b98-4621-b01b-5e945e793a92

[2026-09-01 14:53:40.093] info: [remote-source-provider] Asset f2103bbf-32a6-46eb-b216-863bb31dda89 starting

[2026-09-01 14:53:40.094] info: [remote-source-provider] Ending asset stream for f2103bbf-32a6-46eb-b216-863bb31dda89

[2026-09-01 14:53:40.266] info: [remote-source-provider] Asset ded94972-f637-4c35-a45a-6ab991c991b2 starting

[2026-09-01 14:53:40.266] info: [remote-source-provider] Ending asset stream for ded94972-f637-4c35-a45a-6ab991c991b2

[2026-09-01 14:53:40.437] info: [remote-source-provider] Asset 441fa4b9-617e-4e91-82af-01331cacce7a starting

[2026-09-01 14:53:40.438] info: [remote-source-provider] Ending asset stream for 441fa4b9-617e-4e91-82af-01331cacce7a

[2026-09-01 14:53:40.609] info: [remote-source-provider] Asset 2977d4ce-bd1b-4562-a623-e137261f8b7b starting

[2026-09-01 14:53:40.611] info: [remote-source-provider] Ending asset stream for 2977d4ce-bd1b-4562-a623-e137261f8b7b

[2026-09-01 14:53:40.799] info: [remote-source-provider] Asset 8d7aa466-aa3c-4fc5-bd72-16462960446c starting

[2026-09-01 14:53:40.801] info: [remote-source-provider] Ending asset stream for 8d7aa466-aa3c-4fc5-bd72-16462960446c

[2026-09-01 14:53:40.985] info: [remote-source-provider] Asset d1013e51-39f0-487a-aeaf-3668cf5d03b4 starting

[2026-09-01 14:53:40.986] info: [remote-source-provider] Ending asset stream for d1013e51-39f0-487a-aeaf-3668cf5d03b4

[2026-09-01 14:53:41.161] info: [remote-source-provider] Asset 6f447aee-7f01-4b81-8e24-89bbd08b7cf8 starting

[2026-09-01 14:53:41.162] info: [remote-source-provider] Ending asset stream for 6f447aee-7f01-4b81-8e24-89bbd08b7cf8

[2026-09-01 14:53:41.338] info: [remote-source-provider] Asset 27004cfb-07f1-4c11-9b48-8d7a0bc25ed0 starting

[2026-09-01 14:53:41.339] info: [remote-source-provider] Ending asset stream for 27004cfb-07f1-4c11-9b48-8d7a0bc25ed0

[2026-09-01 14:53:41.508] info: [remote-source-provider] Asset 450edf89-ba7d-411e-b533-d13bbeef3e6b starting

[2026-09-01 14:53:41.510] info: [remote-source-provider] Ending asset stream for 450edf89-ba7d-411e-b533-d13bbeef3e6b

[2026-09-01 14:53:41.702] info: [remote-source-provider] Asset f7240437-ee9d-43d3-8e2e-da208c39f47f starting

[2026-09-01 14:53:41.704] info: [remote-source-provider] Ending asset stream for f7240437-ee9d-43d3-8e2e-da208c39f47f

[2026-09-01 14:53:41.884] info: [remote-source-provider] Asset e023a538-7415-4e13-bfed-35635a5bb1c0 starting

[2026-09-01 14:53:41.885] info: [remote-source-provider] Ending asset stream for e023a538-7415-4e13-bfed-35635a5bb1c0

[2026-09-01 14:53:42.059] info: [remote-source-provider] Asset 0620eb82-9934-4ea0-9052-322568720d4d starting

[2026-09-01 14:53:42.060] info: [remote-source-provider] Ending asset stream for 0620eb82-9934-4ea0-9052-322568720d4d

[2026-09-01 14:53:42.237] info: [remote-source-provider] Asset f48312b9-c528-4377-b899-ba365ee818fc starting

[2026-09-01 14:53:42.238] info: [remote-source-provider] Ending asset stream for f48312b9-c528-4377-b899-ba365ee818fc

[2026-09-01 14:53:42.408] info: [remote-source-provider] Asset 419a8ec8-6027-466b-adb8-ace8b0b31a09 starting

[2026-09-01 14:53:42.409] info: [remote-source-provider] Ending asset stream for 419a8ec8-6027-466b-adb8-ace8b0b31a09

[2026-09-01 14:53:42.580] info: [remote-source-provider] Asset 9bd22b42-3523-47b4-bb02-15505ce38884 starting

[2026-09-01 14:53:42.581] info: [remote-source-provider] Ending asset stream for 9bd22b42-3523-47b4-bb02-15505ce38884

[2026-09-01 14:53:42.757] info: [remote-source-provider] Asset 69c99e17-2b94-4d2a-8143-4d481f72bbb1 starting

[2026-09-01 14:53:42.757] info: [remote-source-provider] Ending asset stream for 69c99e17-2b94-4d2a-8143-4d481f72bbb1

[2026-09-01 14:53:42.926] info: [remote-source-provider] Asset cba604d8-65f4-46bd-bf3e-2ae1ffe6da2e starting

[2026-09-01 14:53:42.927] info: [remote-source-provider] Ending asset stream for cba604d8-65f4-46bd-bf3e-2ae1ffe6da2e

[2026-09-01 14:53:43.097] info: [remote-source-provider] Asset a2f8a12b-5e66-4a18-b16b-a911324c081c starting

[2026-09-01 14:53:43.098] info: [remote-source-provider] Ending asset stream for a2f8a12b-5e66-4a18-b16b-a911324c081c

[2026-09-01 14:53:43.275] info: [remote-source-provider] Asset 4c2ff574-f207-4249-a121-b6d9dd785361 starting

[2026-09-01 14:53:43.277] info: [remote-source-provider] Ending asset stream for 4c2ff574-f207-4249-a121-b6d9dd785361

[2026-09-01 14:53:43.451] info: [remote-source-provider] Asset 3ad32070-6015-4a4e-a26d-fef2dac80a44 starting

[2026-09-01 14:53:43.452] info: [remote-source-provider] Ending asset stream for 3ad32070-6015-4a4e-a26d-fef2dac80a44

[2026-09-01 14:53:43.623] info: [remote-source-provider] Asset 6649668b-ced6-4ef7-92b7-1c583daf0ebe starting

[2026-09-01 14:53:43.625] info: [remote-source-provider] Ending asset stream for 6649668b-ced6-4ef7-92b7-1c583daf0ebe

[2026-09-01 14:53:43.796] info: [remote-source-provider] Asset ccc44e44-fb17-4767-ae3b-bd18bd56e4f2 starting

[2026-09-01 14:53:43.798] info: [remote-source-provider] Ending asset stream for ccc44e44-fb17-4767-ae3b-bd18bd56e4f2

[2026-09-01 14:53:43.968] info: [remote-source-provider] Asset 650ef7c9-6f53-4566-912a-429d54ef6a45 starting

[2026-09-01 14:53:43.969] info: [remote-source-provider] Ending asset stream for 650ef7c9-6f53-4566-912a-429d54ef6a45

[2026-09-01 14:53:44.147] info: [remote-source-provider] Asset 040363ff-92fb-4659-8594-70cd6356f209 starting

[2026-09-01 14:53:44.148] info: [remote-source-provider] Ending asset stream for 040363ff-92fb-4659-8594-70cd6356f209

[2026-09-01 14:53:44.318] info: [remote-source-provider] Asset 74f5106b-0323-429e-aef3-7c7eda81cd52 starting

[2026-09-01 14:53:44.319] info: [remote-source-provider] Ending asset stream for 74f5106b-0323-429e-aef3-7c7eda81cd52

[2026-09-01 14:53:44.488] info: [remote-source-provider] Asset 88a4ed03-28dc-4fe9-a2b0-6e54285278dc starting

[2026-09-01 14:53:44.488] info: [remote-source-provider] Ending asset stream for 88a4ed03-28dc-4fe9-a2b0-6e54285278dc

[2026-09-01 14:53:44.658] info: [remote-source-provider] Asset 2ea6c27d-8e6a-4bcd-8cc6-07600ffc2778 starting

[2026-09-01 14:53:44.659] info: [remote-source-provider] Ending asset stream for 2ea6c27d-8e6a-4bcd-8cc6-07600ffc2778

[2026-09-01 14:53:44.844] info: [remote-source-provider] Asset fa7ba2d8-9da9-4628-8923-c3d1382c2796 starting

[2026-09-01 14:53:44.845] info: [remote-source-provider] Ending asset stream for fa7ba2d8-9da9-4628-8923-c3d1382c2796

[2026-09-01 14:53:45.021] info: [remote-source-provider] Asset f77c8bb7-9a4b-4cb7-8578-43c50ba1b24f starting

[2026-09-01 14:53:45.022] info: [remote-source-provider] Ending asset stream for f77c8bb7-9a4b-4cb7-8578-43c50ba1b24f

[2026-09-01 14:53:45.195] info: [remote-source-provider] Asset fafacdd0-ed62-4509-8658-9ab8369074df starting

[2026-09-01 14:53:45.196] info: [remote-source-provider] Ending asset stream for fafacdd0-ed62-4509-8658-9ab8369074df

[2026-09-01 14:53:45.372] info: [remote-source-provider] Asset ae9d604f-2e4a-4100-be9d-be28192b2c68 starting

[2026-09-01 14:53:45.373] info: [remote-source-provider] Ending asset stream for ae9d604f-2e4a-4100-be9d-be28192b2c68

[2026-09-01 14:53:45.544] info: [remote-source-provider] Asset dd345ac0-3585-4318-8aa8-68ffb7914b5f starting

[2026-09-01 14:53:45.545] info: [remote-source-provider] Ending asset stream for dd345ac0-3585-4318-8aa8-68ffb7914b5f

[2026-09-01 14:53:45.728] info: [remote-source-provider] Asset 2d868b1e-d66d-4a81-9824-fbda8fc36916 starting

[2026-09-01 14:53:45.730] info: [remote-source-provider] Ending asset stream for 2d868b1e-d66d-4a81-9824-fbda8fc36916

[2026-09-01 14:53:45.907] info: [remote-source-provider] Asset 87cf4256-1feb-456f-8604-bf3ceb0be522 starting

[2026-09-01 14:53:45.909] info: [remote-source-provider] Ending asset stream for 87cf4256-1feb-456f-8604-bf3ceb0be522

[2026-09-01 14:53:46.094] info: [remote-source-provider] Asset 0f1ddb34-7628-4f1b-9c00-b08c5cc1bc24 starting

[2026-09-01 14:53:46.095] info: [remote-source-provider] Ending asset stream for 0f1ddb34-7628-4f1b-9c00-b08c5cc1bc24

[2026-09-01 14:53:46.266] info: [remote-source-provider] Asset de0f74c2-5fb4-4a69-9fde-5784ebf780ca starting

[2026-09-01 14:53:46.268] info: [remote-source-provider] Ending asset stream for de0f74c2-5fb4-4a69-9fde-5784ebf780ca

[2026-09-01 14:53:46.436] info: [remote-source-provider] dispatching message action:end step:assets uuid:b393f004-5e93-4424-8652-0afb4327f959 sent:0

[2026-09-01 14:53:46.604] info: [pull-handler] received transfer action:end step:step uuid:b393f004-5e93-4424-8652-0afb4327f959

[2026-09-01 14:53:46.604] info: [remote-source-provider] received response to message action:end step:assets uuid:b393f004-5e93-4424-8652-0afb4327f959 sent:0

[2026-09-01 14:53:46.607] info: [remote-source-provider] received response to message action:end step:assets uuid:b393f004-5e93-4424-8652-0afb4327f959 sent:0

[2026-09-01 14:53:46.607] info: [local-destination-provider] removing assets backup

[2026-09-01 14:53:46.659] info: [local-destination-provider] successfully removed assets backup

[2026-09-01 14:53:46.660] info: [remote-source-provider] dispatching message action:start step:links uuid:0bdb6136-0e08-4477-a0ef-ca6454d8df02 sent:0

[2026-09-01 14:53:46.829] info: [pull-handler] received transfer action:start step:step uuid:0bdb6136-0e08-4477-a0ef-ca6454d8df02

[2026-09-01 14:53:46.829] info: [remote-source-provider] received response to message action:start step:links uuid:0bdb6136-0e08-4477-a0ef-ca6454d8df02 sent:0

[2026-09-01 14:53:46.829] info: [local-source-provider] creating links read stream

[2026-09-01 14:53:46.829] info: [remote-source-provider] received response to message action:start step:links uuid:0bdb6136-0e08-4477-a0ef-ca6454d8df02 sent:0

[2026-09-01 14:53:46.835] info: [remote-source-provider] received response to message action:start step:links uuid:0bdb6136-0e08-4477-a0ef-ca6454d8df02 sent:0

[2026-09-01 14:53:46.835] info: [local-destination-provider] creating links write stream

[2026-09-01 14:53:53.792] info: [remote-source-provider] dispatching message action:end step:links uuid:de02b353-e035-4bf4-949a-6e5f340360fd sent:0

[2026-09-01 14:53:53.962] info: [pull-handler] received transfer action:end step:step uuid:de02b353-e035-4bf4-949a-6e5f340360fd

[2026-09-01 14:53:53.962] info: [remote-source-provider] received response to message action:end step:links uuid:de02b353-e035-4bf4-949a-6e5f340360fd sent:0

[2026-09-01 14:53:53.962] info: [remote-source-provider] received response to message action:end step:links uuid:de02b353-e035-4bf4-949a-6e5f340360fd sent:0

[2026-09-01 14:53:53.963] info: [remote-source-provider] dispatching message action:close  uuid:a89af1af-9868-4045-a139-a0ece2914026 sent:0

[2026-09-01 14:53:54.133] info: [pull-handler] received transfer action:close step:action uuid:a89af1af-9868-4045-a139-a0ece2914026

[2026-09-01 14:53:54.133] info: [remote-source-provider] received response to message action:close  uuid:a89af1af-9868-4045-a139-a0ece2914026 sent:0

[2026-09-01 14:53:54.133] info: [remote-source-provider] received response to message action:close  uuid:a89af1af-9868-4045-a139-a0ece2914026 sent:0

